// Jest Snapshot v1, https://goo.gl/fbAQLP

exports[`codegen element 1`] = `
"const { toDisplayString: _toDisplayString, createElementVnode: _createElementVnode } = Vue
return function render(_ctx, _cache, $props, $setup, $data, $options) {return _createElementVnode(\\"div\\", null, \\"hi,\\" + _toDisplayString(_ctx.message))}"
`;

exports[`codegen interpolation 1`] = `
"const { toDisplayString: _toDisplayString } = Vue
return function render(_ctx, _cache, $props, $setup, $data, $options) {return _toDisplayString(_ctx.message)}"
`;

exports[`codegen text 1`] = `
"
return function render(_ctx, _cache, $props, $setup, $data, $options) {return \\"hi\\"}"
`;
